[15:53:53] [main/WARN] (FabricLoader/Knot) Class path entries reference missing files: H:\wildbosses\build\resources\client - the game may not load properly!
[15:53:53] [main/INFO] (FabricLoader/GameProvider) Loading Minecraft 1.21.1 with Fabric Loader 0.17.2
[15:53:53] [main/INFO] (FabricLoader) Loading 57 mods:
	- cobblemon 1.8.0+1.21.1
	- fabric-api 0.116.6+1.21.1
	- fabric-api-base 0.4.42+6573ed8c19
	- fabric-api-lookup-api-v1 1.6.71+b559734419
	- fabric-biome-api-v1 13.0.31+d527f9fd19
	- fabric-block-api-v1 1.1.0+0bc3503219
	- fabric-block-view-api-v2 1.0.11+ebb2264e19
	- fabric-blockrenderlayer-v1 1.1.52+0af3f5a719
	- fabric-client-tags-api-v1 1.1.15+6573ed8c19
	- fabric-command-api-v1 1.2.49+f71b366f19
	- fabric-command-api-v2 2.2.28+6ced4dd919
	- fabric-commands-v0 0.2.66+df3654b319
	- fabric-content-registries-v0 8.0.19+b559734419
	- fabric-convention-tags-v1 2.1.5+7f945d5b19
	- fabric-convention-tags-v2 2.11.1+a406e79519
	- fabric-crash-report-info-v1 0.2.29+0af3f5a719
	- fabric-data-attachment-api-v1 1.4.5+6116a37819
	- fabric-data-generation-api-v1 20.2.33+37516cd619
	- fabric-dimensions-v1 4.0.1+65213ef819
	- fabric-entity-events-v1 1.8.0+2b27e0a419
	- fabric-events-interaction-v0 0.7.13+ba9dae0619
	- fabric-game-rule-api-v1 1.0.53+6ced4dd919
	- fabric-gametest-api-v1 2.0.5+6fc22b9919
	- fabric-item-api-v1 11.2.0+3b3cb2e819
	- fabric-item-group-api-v1 4.1.7+def88e3a19
	- fabric-key-binding-api-v1 1.0.47+0af3f5a719
	- fabric-keybindings-v0 0.2.45+df3654b319
	- fabric-language-kotlin 1.13.6+kotlin.2.2.20
	- fabric-lifecycle-events-v1 2.6.0+0865547519
	- fabric-loot-api-v2 3.0.15+3f89f5a519
	- fabric-loot-api-v3 1.0.3+3f89f5a519
	- fabric-message-api-v1 6.0.14+8aaf3aca19
	- fabric-model-loading-api-v1 2.1.0+b4d813fc19
	- fabric-networking-api-v1 4.3.0+c7469b2119
	- fabric-object-builder-api-v1 15.2.1+40875a9319
	- fabric-particles-v1 4.0.2+6573ed8c19
	- fabric-recipe-api-v1 5.0.14+248df81c19
	- fabric-registry-sync-v0 5.3.1+e3eddc2119
	- fabric-renderer-api-v1 3.4.1+b4d813fc19
	- fabric-renderer-indigo 1.7.1+c705a49c19
	- fabric-renderer-registries-v1 3.2.69+df3654b319
	- fabric-rendering-data-attachment-v1 0.3.49+73761d2e19
	- fabric-rendering-fluids-v1 3.1.6+1daea21519
	- fabric-rendering-v0 1.1.72+df3654b319
	- fabric-rendering-v1 5.1.0+ab4c25a019
	- fabric-resource-conditions-api-v1 4.3.0+8dc279b119
	- fabric-resource-loader-v0 1.3.1+5b5275af19
	- fabric-screen-api-v1 2.0.25+8b68f1c719
	- fabric-screen-handler-api-v1 1.3.90+b559734419
	- fabric-sound-api-v1 1.0.23+6573ed8c19
	- fabric-transfer-api-v1 5.4.3+c24bd99419
	- fabric-transitive-access-wideners-v1 6.2.0+45b9699719
	- fabricloader 0.17.2
	- java 21
	- minecraft 1.21.1
	- mixinextras 0.5.0
	- wildbosses 1.0.0
[15:53:53] [main/INFO] (FabricLoader/Mixin) SpongePowered MIXIN Subsystem Version=0.8.7 Source=file:/C:/Users/KAISER/.gradle/caches/modules-2/files-2.1/net.fabricmc/sponge-mixin/0.16.3+mixin.0.8.7/3e535042688d1265447e52ad86950b7d9678a5fa/sponge-mixin-0.16.3+mixin.0.8.7.jar Service=Knot/Fabric Env=CLIENT
[15:53:53] [main/INFO] (FabricLoader/Mixin) Loaded Fabric development mappings for mixin remapper!
[15:53:53] [main/INFO] (FabricLoader/Mixin) Compatibility level set to JAVA_17
[15:53:53] [main/INFO] (FabricLoader/Mixin) Compatibility level set to JAVA_21
[15:53:53] [main/WARN] (FabricLoader/Mixin) Error loading class: juuxel/adorn/block/variant/BlockVariantSets (java.lang.ClassNotFoundException: juuxel/adorn/block/variant/BlockVariantSets)
[15:53:53] [main/WARN] (FabricLoader/Mixin) @Mixin target juuxel.adorn.block.variant.BlockVariantSets was not found mixins.cobblemon-common.json:invoker.AdornRegisterInvoker from mod cobblemon
[15:53:54] [main/INFO] (FabricLoader/MixinExtras|Service) Initializing MixinExtras via com.llamalad7.mixinextras.service.MixinExtrasServiceImpl(version=0.5.0).
[15:53:55] [Datafixer Bootstrap/INFO] (Minecraft) 226 Datafixer optimizations took 169 milliseconds
[15:53:58] [Render thread/INFO] (Minecraft) Environment: Environment[sessionHost=https://sessionserver.mojang.com, servicesHost=https://api.minecraftservices.com, name=PROD]
[15:53:58] [Render thread/INFO] (Minecraft) Setting user: Player252
[15:53:58] [Render thread/INFO] (Cobblemon) Booting LaxPermissionValidator, permissions will be checked using Minecrafts permission level system, see https://minecraft.wiki/w/Permission_level
[15:53:58] [Render thread/INFO] (Cobblemon) Launching Cobblemon 1.8.0 
[15:53:59] [Render thread/ERROR] (Minecraft) No data fixer registered for cobblemon:pokemon
[15:53:59] [Render thread/ERROR] (Minecraft) No data fixer registered for cobblemon:empty_pokeball
[15:53:59] [Render thread/ERROR] (Minecraft) No data fixer registered for cobblemon:boat
[15:53:59] [Render thread/ERROR] (Minecraft) No data fixer registered for cobblemon:chest_boat
[15:53:59] [Render thread/ERROR] (Minecraft) No data fixer registered for cobblemon:poke_bobber
[15:53:59] [Render thread/ERROR] (Minecraft) No data fixer registered for cobblemon:generic_bedrock
[15:53:59] [Render thread/ERROR] (Minecraft) No data fixer registered for cobblemon:npc
[15:54:00] [Render thread/INFO] (Cobblemon) Starting the Best Spawner...
[15:54:00] [Render thread/INFO] (Cobblemon) Loaded 7 spawning condition types.
[15:54:00] [Render thread/INFO] (Cobblemon) Loaded 6 spawnable position types.
[15:54:00] [Render thread/INFO] (Cobblemon) Loaded 4 spawn detail types.
[15:54:00] [Cobblemon Showdown/INFO] (Cobblemon) Starting showdown service...
[15:54:03] [Cobblemon Showdown/INFO] (Cobblemon) Showdown has been started!
[15:54:03] [Render thread/INFO] (Cobblemon) Note: Cobblemon data registries are only loaded once per server instance as Pokémon species are not safe to reload.
[15:54:03] [Render thread/INFO] (Cobblemon) Registered the cobblemon:molang registry
[15:54:03] [Render thread/INFO] (Cobblemon) Registered the cobblemon:species_features registry
[15:54:03] [Render thread/INFO] (Cobblemon) Registered the cobblemon:global_species_features registry
[15:54:03] [Render thread/INFO] (Cobblemon) Registered the cobblemon:species_feature_assignments registry
[15:54:03] [Render thread/INFO] (Cobblemon) Registered the cobblemon:action_effects registry
[15:54:03] [Render thread/INFO] (Cobblemon) Registered the cobblemon:moves registry
[15:54:03] [Render thread/INFO] (Cobblemon) Registered the cobblemon:moveset_builders registry
[15:54:03] [Render thread/INFO] (Cobblemon) Registered the cobblemon:abilities registry
[15:54:03] [Render thread/INFO] (Cobblemon) Registered the cobblemon:behaviours registry
[15:54:03] [Render thread/INFO] (Cobblemon) Registered the cobblemon:marks registry
[15:54:03] [Render thread/INFO] (Cobblemon) Registered the cobblemon:species registry
[15:54:03] [Render thread/INFO] (Cobblemon) Registered the cobblemon:species_additions registry
[15:54:03] [Render thread/INFO] (Cobblemon) Registered the cobblemon:pokeballs registry
[15:54:03] [Render thread/INFO] (Cobblemon) Registered the cobblemon:properties_tab_completion registry
[15:54:03] [Render thread/INFO] (Cobblemon) Registered the cobblemon:party_pools registry
[15:54:03] [Render thread/INFO] (Cobblemon) Registered the cobblemon:party_compositions registry
[15:54:03] [Render thread/INFO] (Cobblemon) Registered the cobblemon:spawn_detail_presets registry
[15:54:03] [Render thread/INFO] (Cobblemon) Registered the cobblemon:spawn_rules registry
[15:54:03] [Render thread/INFO] (Cobblemon) Registered the cobblemon:mechanics registry
[15:54:03] [Render thread/INFO] (Cobblemon) Registered the cobblemon:bag_items registry
[15:54:03] [Render thread/INFO] (Cobblemon) Registered the cobblemon:held_items registry
[15:54:03] [Render thread/INFO] (Cobblemon) Registered the cobblemon:dialogues registry
[15:54:03] [Render thread/INFO] (Cobblemon) Registered the cobblemon:natural_materials registry
[15:54:03] [Render thread/INFO] (Cobblemon) Registered the cobblemon:fossils registry
[15:54:03] [Render thread/INFO] (Cobblemon) Registered the cobblemon:npc_preset registry
[15:54:03] [Render thread/INFO] (Cobblemon) Registered the cobblemon:npc registry
[15:54:03] [Render thread/INFO] (Cobblemon) Registered the cobblemon:dex_entries registry
[15:54:03] [Render thread/INFO] (Cobblemon) Registered the cobblemon:dex_entry_additions registry
[15:54:03] [Render thread/INFO] (Cobblemon) Registered the cobblemon:dexes registry
[15:54:03] [Render thread/INFO] (Cobblemon) Registered the cobblemon:dex_additions registry
[15:54:03] [Render thread/INFO] (Cobblemon) Registered the cobblemon:cosmetic_items registry
[15:54:03] [Render thread/INFO] (Cobblemon) Registered the cobblemon:callbacks registry
[15:54:03] [Render thread/INFO] (Cobblemon) Registered the cobblemon:unlockable_pc_box_wallpapers registry
[15:54:03] [Render thread/INFO] (Cobblemon) Registered the cobblemon:starters registry
[15:54:03] [Render thread/INFO] (Cobblemon) Registered the cobblemon:spawn_pool_world registry
[15:54:03] [Render thread/INFO] (Cobblemon) Registered the cobblemon:pokerods registry
[15:54:03] [Render thread/INFO] (Cobblemon) Registered the cobblemon:berries registry
[15:54:03] [Render thread/INFO] (Cobblemon) Registered the cobblemon:habitat_pools registry
[15:54:03] [Render thread/INFO] (Cobblemon) Registered the cobblemon:seasonings registry
[15:54:03] [Render thread/INFO] (Cobblemon) Registered the cobblemon:pokemon_interactions registry
[15:54:03] [Render thread/INFO] (Cobblemon) Registered the cobblemon:spawn_bait_effects registry
[15:54:03] [Render thread/INFO] (Cobblemon) Registered the cobblemon:ride_settings registry
[15:54:03] [Render thread/INFO] (Cobblemon) Registered the cobblemon:technical_machines registry
[15:54:03] [Render thread/INFO] (wildbosses) [WildBosses] Initializing Boss System...
[15:54:03] [Render thread/WARN] (wildbosses) [WildBosses-PERSISTENCE-PROBE] build=20260908-cobblemon-1.8-port-2 loaded
[15:54:03] [Render thread/WARN] (wildbosses) [WildBosses-PERSISTENCE-PROBE] BossPersistence.register build=20260908-cobblemon-1.8-port-2
[15:54:03] [Render thread/INFO] (Indigo) [Indigo] Registering Indigo renderer!
[15:54:03] [Render thread/INFO] (Cobblemon) Initializing Cobblemon client
[15:54:03] [Render thread/INFO] (Cobblemon) Registering Pokémon renderer
[15:54:03] [Render thread/INFO] (Cobblemon) Registering PokéBall renderer
[15:54:03] [Render thread/INFO] (Cobblemon) Registering Boat renderer
[15:54:03] [Render thread/INFO] (Cobblemon) Registering Boat with Chest renderer
[15:54:03] [Render thread/INFO] (Cobblemon) Registering Generic Bedrock renderer
[15:54:03] [Render thread/INFO] (Cobblemon) Registering Generic Bedrock Entity renderer
[15:54:03] [Render thread/INFO] (Cobblemon) Registering PokeRod Bobber renderer
[15:54:03] [Render thread/INFO] (Cobblemon) Registering NPC renderer
[15:54:03] [Render thread/INFO] (Cobblemon) Registering custom BuiltinItemRenderers
[15:54:04] [Render thread/INFO] (Minecraft) Backend library: LWJGL version 3.3.3-snapshot
[15:54:04] [Render thread/INFO] (Minecraft) Reloading ResourceManager: vanilla, fabric, cobblemon, fabric-api, fabric-api-base, fabric-api-lookup-api-v1, fabric-biome-api-v1, fabric-block-api-v1, fabric-block-view-api-v2, fabric-blockrenderlayer-v1, fabric-client-tags-api-v1, fabric-command-api-v1, fabric-command-api-v2, fabric-commands-v0, fabric-content-registries-v0, fabric-convention-tags-v1, fabric-convention-tags-v2, fabric-crash-report-info-v1, fabric-data-attachment-api-v1, fabric-data-generation-api-v1, fabric-dimensions-v1, fabric-entity-events-v1, fabric-events-interaction-v0, fabric-game-rule-api-v1, fabric-gametest-api-v1, fabric-item-api-v1, fabric-item-group-api-v1, fabric-key-binding-api-v1, fabric-keybindings-v0, fabric-language-kotlin, fabric-lifecycle-events-v1, fabric-loot-api-v2, fabric-loot-api-v3, fabric-message-api-v1, fabric-model-loading-api-v1, fabric-networking-api-v1, fabric-object-builder-api-v1, fabric-particles-v1, fabric-recipe-api-v1, fabric-registry-sync-v0, fabric-renderer-api-v1, fabric-renderer-indigo, fabric-renderer-registries-v1, fabric-rendering-data-attachment-v1, fabric-rendering-fluids-v1, fabric-rendering-v0, fabric-rendering-v1, fabric-resource-conditions-api-v1, fabric-resource-loader-v0, fabric-screen-api-v1, fabric-screen-handler-api-v1, fabric-sound-api-v1, fabric-transfer-api-v1, fabric-transitive-access-wideners-v1, fabricloader, wildbosses, cobblemon:regionbiasforms, cobblemon:gyaradosjump
[15:54:04] [Worker-Main-4/INFO] (Minecraft) Found unifont_all_no_pua-15.1.05.hex, loading
[15:54:04] [Worker-Main-6/INFO] (Minecraft) Found unifont_jp_patch-15.1.05.hex, loading
[15:54:05] [Worker-Main-5/WARN] (Minecraft) Texture cobblemon:block/disc_shelf/technical_machine with size 6x2 limits mip level from 4 to 1
[15:54:05] [Worker-Main-5/WARN] (Minecraft) minecraft:textures/atlas/blocks.png: dropping miplevel from 4 to 1, because of minimum power of two: 2
[15:54:06] [Render thread/WARN] (Minecraft) Missing sound for event: minecraft:item.goat_horn.play
[15:54:06] [Render thread/WARN] (Minecraft) Missing sound for event: minecraft:entity.goat.screaming.horn_break
[15:54:06] [Render thread/INFO] (Minecraft) OpenAL initialized on device OpenAL Soft on Fones de ouvido (Poly VFOCUS2 Series)
[15:54:06] [Render thread/INFO] (Minecraft) Sound engine started
[15:54:06] [Render thread/INFO] (Minecraft) Created: 2048x1024x1 minecraft:textures/atlas/blocks.png-atlas
[15:54:06] [Render thread/INFO] (Minecraft) Created: 256x256x4 minecraft:textures/atlas/signs.png-atlas
[15:54:06] [Render thread/INFO] (Minecraft) Created: 512x512x4 minecraft:textures/atlas/shield_patterns.png-atlas
[15:54:06] [Render thread/INFO] (Minecraft) Created: 512x512x4 minecraft:textures/atlas/banner_patterns.png-atlas
[15:54:06] [Render thread/INFO] (Minecraft) Created: 2048x1024x4 minecraft:textures/atlas/armor_trims.png-atlas
[15:54:06] [Render thread/INFO] (Minecraft) Created: 128x128x4 minecraft:textures/atlas/decorated_pot.png-atlas
[15:54:06] [Render thread/INFO] (Minecraft) Created: 256x256x4 minecraft:textures/atlas/chest.png-atlas
[15:54:06] [Render thread/INFO] (Minecraft) Created: 512x256x4 minecraft:textures/atlas/shulker_boxes.png-atlas
[15:54:06] [Render thread/INFO] (Minecraft) Created: 512x256x4 minecraft:textures/atlas/beds.png-atlas
[15:54:06] [Render thread/INFO] (Minecraft) Created: 4096x2048x0 minecraft:textures/atlas/particles.png-atlas
[15:54:06] [Render thread/INFO] (Minecraft) Created: 512x256x0 minecraft:textures/atlas/paintings.png-atlas
[15:54:06] [Render thread/INFO] (Minecraft) Created: 256x128x0 minecraft:textures/atlas/mob_effects.png-atlas
[15:54:06] [Render thread/INFO] (Minecraft) Created: 64x64x0 minecraft:textures/atlas/map_decorations.png-atlas
[15:54:06] [Render thread/INFO] (Minecraft) Created: 1024x512x0 minecraft:textures/atlas/gui.png-atlas
[15:54:06] [Render thread/WARN] (Minecraft) Shader cobblemon:particle_add could not find sampler named Sampler2 in the specified shader program.
[15:54:06] [Render thread/WARN] (Minecraft) Shader cobblemon:particle_cutout could not find sampler named Sampler2 in the specified shader program.
[15:54:06] [Render thread/WARN] (Minecraft) Shader rendertype_entity_cutout could not find uniform named IViewRotMat in the specified shader program.
[15:54:06] [Render thread/WARN] (Minecraft) Shader rendertype_entity_translucent could not find uniform named IViewRotMat in the specified shader program.
[15:54:06] [Render thread/WARN] (Minecraft) Shader rendertype_entity_translucent_emissive could not find sampler named Sampler2 in the specified shader program.
[15:54:06] [Render thread/INFO] (Minecraft) Created: 128x128x0 cobblemon:textures/atlas/berries.png-atlas
[15:54:06] [Render thread/INFO] (Cobblemon) Loading assets...
[15:54:06] [Render thread/INFO] (Cobblemon) Loading particle effects...
[15:54:06] [Render thread/INFO] (Cobblemon) Loaded 1101 particle effects
[15:54:06] [Render thread/INFO] (Cobblemon) Loading animations...
[15:54:09] [Render thread/INFO] (Cobblemon) Loaded 9707 animations from 1023 animation groups
[15:54:09] [Render thread/INFO] (Cobblemon) Loading varying Bedrock assets...
[15:54:09] [Render thread/INFO] (Cobblemon) Loaded 1205 models.
[15:54:09] [Render thread/INFO] (Cobblemon) Loaded 1084 posers.
[15:54:09] [Render thread/INFO] (Cobblemon) Loaded 3838 variations.
[15:54:09] [Render thread/INFO] (Cobblemon) Loaded 72 berry models
[15:54:09] [Render thread/INFO] (Cobblemon) Loaded 6 misc models
[15:54:09] [Render thread/INFO] (Cobblemon) Loaded assets
[15:54:22] [Render thread/INFO] (Minecraft) Stopping!
