[Architectury Transformer] Architectury Runtime 5.2.91
[Architectury Transformer DEBUG] Preparing tiny remapper prepared transformer: dev.architectury.transformer.handler.TinyRemapperPreparedTransformerHandler
[Architectury Transformer DEBUG] Provided 129 classpath jar(s):
[Architectury Transformer DEBUG]  - C:\Users\KAISER\.gradle\caches\modules-2\files-2.1\org.jetbrains.kotlin\kotlin-stdlib\2.2.21\fa374a986e128314c3db00a20aae55f72a258511\kotlin-stdlib-2.2.21.jar
[Architectury Transformer DEBUG]  - C:\Users\KAISER\.gradle\caches\modules-2\files-2.1\dev.architectury\architectury-injectables\1.0.10\62db2a366d662606d1b23ad02ccc3212ed37ec3\architectury-injectables-1.0.10.jar
[Architectury Transformer DEBUG]  - C:\Users\KAISER\.gradle\caches\modules-2\files-2.1\net.fabricmc\fabric-loader\0.19.5\ff9e65cffca4a67f31523e1807fe0855940fcbfa\fabric-loader-0.19.5.jar
[Architectury Transformer DEBUG]  - C:\Users\KAISER\.gradle\caches\modules-2\files-2.1\org.jetbrains\annotations\26.0.2\c7ce3cdeda3d18909368dfe5977332dfad326c6d\annotations-26.0.2.jar
[Architectury Transformer DEBUG]  - C:\Users\KAISER\.gradle\caches\modules-2\files-2.1\org.ow2.asm\asm\9.8\dc19ecb3f7889b7860697215cae99c0f9b6f6b4b\asm-9.8.jar
[Architectury Transformer DEBUG]  - C:\Users\KAISER\.gradle\caches\modules-2\files-2.1\org.ow2.asm\asm-analysis\9.8\b9747a320844b6cb1eacd90d8ecfd260a16c01d3\asm-analysis-9.8.jar
[Architectury Transformer DEBUG]  - C:\Users\KAISER\.gradle\caches\modules-2\files-2.1\org.ow2.asm\asm-commons\9.8\36e4d212970388e5bd2c5180292012502df461bb\asm-commons-9.8.jar
[Architectury Transformer DEBUG]  - C:\Users\KAISER\.gradle\caches\modules-2\files-2.1\org.ow2.asm\asm-tree\9.8\18419ca5b77a2f81097c741e7872e6ab8d2f40d\asm-tree-9.8.jar
[Architectury Transformer DEBUG]  - C:\Users\KAISER\.gradle\caches\modules-2\files-2.1\org.ow2.asm\asm-util\9.8\395f1c1f035258511f27bc9b2583d76e4b143f59\asm-util-9.8.jar
[Architectury Transformer DEBUG]  - C:\Users\KAISER\.gradle\caches\modules-2\files-2.1\net.fabricmc\sponge-mixin\0.16.3+mixin.0.8.7\3e535042688d1265447e52ad86950b7d9678a5fa\sponge-mixin-0.16.3+mixin.0.8.7.jar
[Architectury Transformer DEBUG]  - C:\Users\KAISER\.gradle\caches\modules-2\files-2.1\io.github.llamalad7\mixinextras-fabric\0.5.0\91a83dfb7abd320f6236bd1fcf5c0ff143d59a13\mixinextras-fabric-0.5.0.jar
[Architectury Transformer DEBUG]  - C:\Users\KAISER\.gradle\caches\modules-2\files-2.1\com.github.oshi\oshi-core\6.4.10\b1d8ab82d11d92fd639b56d639f8f46f739dd5fa\oshi-core-6.4.10.jar
[Architectury Transformer DEBUG]  - C:\Users\KAISER\.gradle\caches\modules-2\files-2.1\com.google.code.gson\gson\2.10.1\b3add478d4382b78ea20b1671390a858002feb6c\gson-2.10.1.jar
[Architectury Transformer DEBUG]  - C:\Users\KAISER\.gradle\caches\modules-2\files-2.1\com.google.guava\failureaccess\1.0.1\1dcf1de382a0bf95a3d8b0849546c88bac1292c9\failureaccess-1.0.1.jar
[Architectury Transformer DEBUG]  - C:\Users\KAISER\.gradle\caches\modules-2\files-2.1\com.google.guava\guava\32.1.2-jre\5e64ec7e056456bef3a4bc4c6fdaef71e8ab6318\guava-32.1.2-jre.jar
[Architectury Transformer DEBUG]  - C:\Users\KAISER\.gradle\caches\modules-2\files-2.1\com.ibm.icu\icu4j\73.2\61ad4ef7f9131fcf6d25c34b817f90d6da06c9e9\icu4j-73.2.jar
[Architectury Transformer DEBUG]  - C:\Users\KAISER\.gradle\caches\modules-2\files-2.1\com.mojang\authlib\6.0.54\de8bc95660e1b2fe8793fd427a7a10dcec5b3ea7\authlib-6.0.54.jar
[Architectury Transformer DEBUG]  - C:\Users\KAISER\.gradle\caches\modules-2\files-2.1\com.mojang\blocklist\1.0.10\5c685c5ffa94c4cd39496c7184c1d122e515ecef\blocklist-1.0.10.jar
[Architectury Transformer DEBUG]  - C:\Users\KAISER\.gradle\caches\modules-2\files-2.1\com.mojang\brigadier\1.3.10\d15b53a14cf20fdcaa98f731af5dda654452c010\brigadier-1.3.10.jar
[Architectury Transformer DEBUG]  - C:\Users\KAISER\.gradle\caches\modules-2\files-2.1\com.mojang\datafixerupper\8.0.16\67d4de6d7f95d89bcf5862995fb854ebaec02a34\datafixerupper-8.0.16.jar
[Architectury Transformer DEBUG]  - C:\Users\KAISER\.gradle\caches\modules-2\files-2.1\com.mojang\logging\1.2.7\24cb95ffb0e3433fd6e844c04e68009e504ca1c0\logging-1.2.7.jar
[Architectury Transformer DEBUG]  - C:\Users\KAISER\.gradle\caches\modules-2\files-2.1\com.mojang\patchy\2.2.10\da05971b07cbb379d002cf7eaec6a2048211fefc\patchy-2.2.10.jar
[Architectury Transformer DEBUG]  - C:\Users\KAISER\.gradle\caches\modules-2\files-2.1\com.mojang\text2speech\1.17.9\3cad216e3a7f0c19b4b394388bc9ffc446f13b14\text2speech-1.17.9.jar
[Architectury Transformer DEBUG]  - C:\Users\KAISER\.gradle\caches\modules-2\files-2.1\commons-codec\commons-codec\1.16.0\4e3eb3d79888d76b54e28b350915b5dc3919c9de\commons-codec-1.16.0.jar
[Architectury Transformer DEBUG]  - C:\Users\KAISER\.gradle\caches\modules-2\files-2.1\commons-io\commons-io\2.15.1\f11560da189ab563a5c8e351941415430e9304ea\commons-io-2.15.1.jar
[Architectury Transformer DEBUG]  - C:\Users\KAISER\.gradle\caches\modules-2\files-2.1\commons-logging\commons-logging\1.2\4bfc12adfe4842bf07b657f0369c4cb522955686\commons-logging-1.2.jar
[Architectury Transformer DEBUG]  - C:\Users\KAISER\.gradle\caches\modules-2\files-2.1\io.netty\netty-buffer\4.1.97.Final\f8f3d8644afa5e6e1a40a3a6aeb9d9aa970ecb4f\netty-buffer-4.1.97.Final.jar
[Architectury Transformer DEBUG]  - C:\Users\KAISER\.gradle\caches\modules-2\files-2.1\io.netty\netty-codec\4.1.97.Final\384ba4d75670befbedb45c4d3b497a93639c206d\netty-codec-4.1.97.Final.jar
[Architectury Transformer DEBUG]  - C:\Users\KAISER\.gradle\caches\modules-2\files-2.1\io.netty\netty-common\4.1.97.Final\7cceacaf11df8dc63f23d0fb58e9d4640fc88404\netty-common-4.1.97.Final.jar
[Architectury Transformer DEBUG]  - C:\Users\KAISER\.gradle\caches\modules-2\files-2.1\io.netty\netty-handler\4.1.97.Final\abb86c6906bf512bf2b797a41cd7d2e8d3cd7c36\netty-handler-4.1.97.Final.jar
[Architectury Transformer DEBUG]  - C:\Users\KAISER\.gradle\caches\modules-2\files-2.1\io.netty\netty-resolver\4.1.97.Final\cec8348108dc76c47cf87c669d514be52c922144\netty-resolver-4.1.97.Final.jar
[Architectury Transformer DEBUG]  - C:\Users\KAISER\.gradle\caches\modules-2\files-2.1\io.netty\netty-transport-classes-epoll\4.1.97.Final\795da37ded759e862457a82d9d92c4d39ce8ecee\netty-transport-classes-epoll-4.1.97.Final.jar
[Architectury Transformer DEBUG]  - C:\Users\KAISER\.gradle\caches\modules-2\files-2.1\io.netty\netty-transport-native-unix-common\4.1.97.Final\d469d84265ab70095b01b40886cabdd433b6e664\netty-transport-native-unix-common-4.1.97.Final.jar
[Architectury Transformer DEBUG]  - C:\Users\KAISER\.gradle\caches\modules-2\files-2.1\io.netty\netty-transport\4.1.97.Final\f37380d23c9bb079bc702910833b2fd532c9abd0\netty-transport-4.1.97.Final.jar
[Architectury Transformer DEBUG]  - C:\Users\KAISER\.gradle\caches\modules-2\files-2.1\it.unimi.dsi\fastutil\8.5.12\c24946d46824bd528054bface3231d2ecb7e95e8\fastutil-8.5.12.jar
[Architectury Transformer DEBUG]  - C:\Users\KAISER\.gradle\caches\modules-2\files-2.1\net.java.dev.jna\jna-platform\5.14.0\28934d48aed814f11e4c584da55c49fa7032b31b\jna-platform-5.14.0.jar
[Architectury Transformer DEBUG]  - C:\Users\KAISER\.gradle\caches\modules-2\files-2.1\net.java.dev.jna\jna\5.14.0\67bf3eaea4f0718cb376a181a629e5f88fa1c9dd\jna-5.14.0.jar
[Architectury Transformer DEBUG]  - C:\Users\KAISER\.gradle\caches\modules-2\files-2.1\net.sf.jopt-simple\jopt-simple\5.0.4\4fdac2fbe92dfad86aa6e9301736f6b4342a3f5c\jopt-simple-5.0.4.jar
[Architectury Transformer DEBUG]  - C:\Users\KAISER\.gradle\caches\modules-2\files-2.1\org.apache.commons\commons-compress\1.26.0\659feffdd12280201c8aacb8f7be94f9a883c824\commons-compress-1.26.0.jar
[Architectury Transformer DEBUG]  - C:\Users\KAISER\.gradle\caches\modules-2\files-2.1\org.apache.commons\commons-lang3\3.14.0\1ed471194b02f2c6cb734a0cd6f6f107c673afae\commons-lang3-3.14.0.jar
[Architectury Transformer DEBUG]  - C:\Users\KAISER\.gradle\caches\modules-2\files-2.1\org.apache.httpcomponents\httpclient\4.5.13\e5f6cae5ca7ecaac1ec2827a9e2d65ae2869cada\httpclient-4.5.13.jar
[Architectury Transformer DEBUG]  - C:\Users\KAISER\.gradle\caches\modules-2\files-2.1\org.apache.httpcomponents\httpcore\4.4.16\51cf043c87253c9f58b539c9f7e44c8894223850\httpcore-4.4.16.jar
[Architectury Transformer DEBUG]  - C:\Users\KAISER\.gradle\caches\modules-2\files-2.1\org.apache.logging.log4j\log4j-api\2.22.1\bea6fede6328fabafd7e68363161a7ea6605abd1\log4j-api-2.22.1.jar
[Architectury Transformer DEBUG]  - C:\Users\KAISER\.gradle\caches\modules-2\files-2.1\org.apache.logging.log4j\log4j-core\2.22.1\7183a25510a02ad00cc6a95d3b3d2a7d3c5a8dc4\log4j-core-2.22.1.jar
[Architectury Transformer DEBUG]  - C:\Users\KAISER\.gradle\caches\modules-2\files-2.1\org.apache.logging.log4j\log4j-slf4j2-impl\2.22.1\d7e6693c2606cb7e7335047d7bb96dec52db5665\log4j-slf4j2-impl-2.22.1.jar
[Architectury Transformer DEBUG]  - C:\Users\KAISER\.gradle\caches\modules-2\files-2.1\org.jcraft\jorbis\0.0.17\8872d22b293e8f5d7d56ff92be966e6dc28ebdc6\jorbis-0.0.17.jar
[Architectury Transformer DEBUG]  - C:\Users\KAISER\.gradle\caches\modules-2\files-2.1\org.joml\joml\1.10.5\22566d58af70ad3d72308bab63b8339906deb649\joml-1.10.5.jar
[Architectury Transformer DEBUG]  - C:\Users\KAISER\.gradle\caches\modules-2\files-2.1\org.lwjgl\lwjgl-freetype\3.3.3\a0db6c84a8becc8ca05f9dbfa985edc348a824c7\lwjgl-freetype-3.3.3.jar
[Architectury Transformer DEBUG]  - C:\Users\KAISER\.gradle\caches\modules-2\files-2.1\org.lwjgl\lwjgl-glfw\3.3.3\efa1eb78c5ccd840e9f329717109b5e892d72f8e\lwjgl-glfw-3.3.3.jar
[Architectury Transformer DEBUG]  - C:\Users\KAISER\.gradle\caches\modules-2\files-2.1\org.lwjgl\lwjgl-jemalloc\3.3.3\b543467b7ff3c6920539a88ee602d34098628be5\lwjgl-jemalloc-3.3.3.jar
[Architectury Transformer DEBUG]  - C:\Users\KAISER\.gradle\caches\modules-2\files-2.1\org.lwjgl\lwjgl-openal\3.3.3\daada81ceb5fc0c291fbfdd4433cb8d9423577f2\lwjgl-openal-3.3.3.jar
[Architectury Transformer DEBUG]  - C:\Users\KAISER\.gradle\caches\modules-2\files-2.1\org.lwjgl\lwjgl-opengl\3.3.3\2f6b0147078396a58979125a4c947664e98293a\lwjgl-opengl-3.3.3.jar
[Architectury Transformer DEBUG]  - C:\Users\KAISER\.gradle\caches\modules-2\files-2.1\org.lwjgl\lwjgl-stb\3.3.3\25dd6161988d7e65f71d5065c99902402ee32746\lwjgl-stb-3.3.3.jar
[Architectury Transformer DEBUG]  - C:\Users\KAISER\.gradle\caches\modules-2\files-2.1\org.lwjgl\lwjgl-tinyfd\3.3.3\82d755ca94b102e9ca77283b9e2dc46d1b15fbe5\lwjgl-tinyfd-3.3.3.jar
[Architectury Transformer DEBUG]  - C:\Users\KAISER\.gradle\caches\modules-2\files-2.1\org.lwjgl\lwjgl\3.3.3\29589b5f87ed335a6c7e7ee6a5775f81f97ecb84\lwjgl-3.3.3.jar
[Architectury Transformer DEBUG]  - C:\Users\KAISER\.gradle\caches\modules-2\files-2.1\org.lz4\lz4-java\1.8.0\4b986a99445e49ea5fbf5d149c4b63f6ed6c6780\lz4-java-1.8.0.jar
[Architectury Transformer DEBUG]  - C:\Users\KAISER\.gradle\caches\modules-2\files-2.1\org.slf4j\slf4j-api\2.0.9\7cf2726fdcfbc8610f9a71fb3ed639871f315340\slf4j-api-2.0.9.jar
[Architectury Transformer DEBUG]  - H:\wildbosses\.gradle\loom-cache\minecraftMaven\net\minecraft\minecraft-common-e657457932\1.21.1-loom.mappings.1_21_1.layered+hash.40359-v2\minecraft-common-e657457932-1.21.1-loom.mappings.1_21_1.layered+hash.40359-v2.jar
[Architectury Transformer DEBUG]  - C:\Users\KAISER\.gradle\caches\modules-2\files-2.1\io.netty\netty-transport-native-epoll\4.1.97.Final\54188f271e388e7f313aea995e82f58ce2cdb809\netty-transport-native-epoll-4.1.97.Final-linux-x86_64.jar
[Architectury Transformer DEBUG]  - C:\Users\KAISER\.gradle\caches\modules-2\files-2.1\io.netty\netty-transport-native-epoll\4.1.97.Final\5514744c588190ffda076b35a9b8c9f24946a960\netty-transport-native-epoll-4.1.97.Final-linux-aarch_64.jar
[Architectury Transformer DEBUG]  - C:\Users\KAISER\.gradle\caches\modules-2\files-2.1\org.jetbrains.kotlin\kotlin-stdlib-jdk8\2.2.20\57c4d839a6e5ad105d61ffc5cc0bf4de649c1714\kotlin-stdlib-jdk8-2.2.20.jar
[Architectury Transformer DEBUG]  - C:\Users\KAISER\.gradle\caches\modules-2\files-2.1\org.jetbrains.kotlin\kotlin-stdlib-jdk7\2.2.20\bdbe3b5d872fa3b74d8fcd4e7ca3193f4abc9cc8\kotlin-stdlib-jdk7-2.2.20.jar
[Architectury Transformer DEBUG]  - C:\Users\KAISER\.gradle\caches\modules-2\files-2.1\org.jetbrains.kotlin\kotlin-reflect\2.2.20\665c83286bdf6e8ed541ff485e0d322ffeca8d2b\kotlin-reflect-2.2.20.jar
[Architectury Transformer DEBUG]  - C:\Users\KAISER\.gradle\caches\modules-2\files-2.1\org.jetbrains.kotlinx\kotlinx-coroutines-jdk8\1.10.2\809f71bf722bad7e78ebe8ec710c0327c23b7a31\kotlinx-coroutines-jdk8-1.10.2.jar
[Architectury Transformer DEBUG]  - C:\Users\KAISER\.gradle\caches\modules-2\files-2.1\org.jetbrains.kotlinx\kotlinx-coroutines-core-jvm\1.10.2\4a9f78ef49483748e2c129f3d124b8fa249dafbf\kotlinx-coroutines-core-jvm-1.10.2.jar
[Architectury Transformer DEBUG]  - C:\Users\KAISER\.gradle\caches\modules-2\files-2.1\org.jetbrains.kotlinx\kotlinx-serialization-json-jvm\1.9.0\aea6f7d49fe5c458f8963ee6d4bdaf4a459ab3e7\kotlinx-serialization-json-jvm-1.9.0.jar
[Architectury Transformer DEBUG]  - C:\Users\KAISER\.gradle\caches\modules-2\files-2.1\org.jetbrains.kotlinx\kotlinx-serialization-cbor-jvm\1.9.0\a5b382b72c6f51ff6129080c49c4ae4c12ff57a6\kotlinx-serialization-cbor-jvm-1.9.0.jar
[Architectury Transformer DEBUG]  - C:\Users\KAISER\.gradle\caches\modules-2\files-2.1\org.jetbrains.kotlinx\kotlinx-serialization-core-jvm\1.9.0\91448df39c558f7c6147b8bd8db01debe16e0cc1\kotlinx-serialization-core-jvm-1.9.0.jar
[Architectury Transformer DEBUG]  - C:\Users\KAISER\.gradle\caches\modules-2\files-2.1\org.jetbrains.kotlinx\kotlinx-datetime-jvm\0.7.1\81c2e0246bd28cc2dcbdf0ab53628322e66a9de9\kotlinx-datetime-jvm-0.7.1.jar
[Architectury Transformer DEBUG]  - C:\Users\KAISER\.gradle\caches\modules-2\files-2.1\org.jetbrains.kotlinx\kotlinx-io-core-jvm\0.8.0\358a9f2ba2dc81c5dc84c3d1853f6e5efba63be1\kotlinx-io-core-jvm-0.8.0.jar
[Architectury Transformer DEBUG]  - C:\Users\KAISER\.gradle\caches\modules-2\files-2.1\org.jetbrains.kotlinx\kotlinx-io-bytestring-jvm\0.8.0\89c5399596250e71f2bba6d2415972a078a525c7\kotlinx-io-bytestring-jvm-0.8.0.jar
[Architectury Transformer DEBUG]  - C:\Users\KAISER\.gradle\caches\modules-2\files-2.1\org.jetbrains.kotlinx\atomicfu-jvm\0.29.0\fad29f53ad0c239ba525b637a152bfcaa8631f0f\atomicfu-jvm-0.29.0.jar
[Architectury Transformer DEBUG]  - C:\Users\KAISER\.gradle\caches\modules-2\files-2.1\org.graalvm.js\js\22.3.0\42a5d241e5b92589dbf1cbb5dd3eae0360707c8f\js-22.3.0.jar
[Architectury Transformer DEBUG]  - C:\Users\KAISER\.gradle\caches\modules-2\files-2.1\org.graalvm.regex\regex\22.3.0\3d88e01158436b353c4b54a396d209f9e2791cef\regex-22.3.0.jar
[Architectury Transformer DEBUG]  - C:\Users\KAISER\.gradle\caches\modules-2\files-2.1\org.graalvm.truffle\truffle-api\22.3.0\2e02dd479a207794d1a5a14b5a83d5556880c876\truffle-api-22.3.0.jar
[Architectury Transformer DEBUG]  - C:\Users\KAISER\.gradle\caches\modules-2\files-2.1\org.graalvm.sdk\graal-sdk\22.3.0\83179e3310a2ece87266923fede5ef7355c68c9a\graal-sdk-22.3.0.jar
[Architectury Transformer DEBUG]  - C:\Users\KAISER\.gradle\caches\modules-2\files-2.1\org.mongodb\mongodb-driver-sync\4.10.2\4d76dabbcc382614a2a9c9fba9d201c82707d3a0\mongodb-driver-sync-4.10.2.jar
[Architectury Transformer DEBUG]  - C:\Users\KAISER\.gradle\caches\modules-2\files-2.1\org.mongodb\mongodb-driver-core\4.10.2\85469d90dfd7b41d57e70f747a7928447829e12c\mongodb-driver-core-4.10.2.jar
[Architectury Transformer DEBUG]  - C:\Users\KAISER\.gradle\caches\modules-2\files-2.1\org.mongodb\bson\4.10.2\a07162adfb847cbf9c00ac74a5245d80e7306f5b\bson-4.10.2.jar
[Architectury Transformer DEBUG]  - C:\Users\KAISER\.gradle\caches\modules-2\files-2.1\com.twelvemonkeys.imageio\imageio-webp\3.12.0\390599d525f6af2af4d94bd549411d6e1d47ea07\imageio-webp-3.12.0.jar
[Architectury Transformer DEBUG]  - C:\Users\KAISER\.gradle\caches\modules-2\files-2.1\com.twelvemonkeys.imageio\imageio-metadata\3.12.0\6997264db25396a2c8fddf6520174c9a907e3403\imageio-metadata-3.12.0.jar
[Architectury Transformer DEBUG]  - C:\Users\KAISER\.gradle\caches\modules-2\files-2.1\com.twelvemonkeys.imageio\imageio-core\3.12.0\4a57990b52fd36fe60c356a3e5fd57054a85a502\imageio-core-3.12.0.jar
[Architectury Transformer DEBUG]  - C:\Users\KAISER\.gradle\caches\modules-2\files-2.1\com.twelvemonkeys.common\common-image\3.12.0\1ffc9fb885eea7f0bdab0f6e7f780d3e41b5ad01\common-image-3.12.0.jar
[Architectury Transformer DEBUG]  - C:\Users\KAISER\.gradle\caches\modules-2\files-2.1\com.twelvemonkeys.common\common-io\3.12.0\1f739ad65a48fd2bc7b8c0a8bb54218c0e219c84\common-io-3.12.0.jar
[Architectury Transformer DEBUG]  - C:\Users\KAISER\.gradle\caches\modules-2\files-2.1\com.twelvemonkeys.common\common-lang\3.12.0\170b88f23daa4d4d64189285ebebe4eb59d51c93\common-lang-3.12.0.jar
[Architectury Transformer DEBUG]  - C:\Users\KAISER\.gradle\caches\modules-2\files-2.1\org.quiltmc.parsers\gson\0.2.1\970247b00bdc5faa821b68fd68d11180d2a41e98\gson-0.2.1.jar
[Architectury Transformer DEBUG]  - C:\Users\KAISER\.gradle\caches\modules-2\files-2.1\org.quiltmc.parsers\json\0.2.1\46ddbb2d151f1679139bc27550c1664092881be2\json-0.2.1.jar
[Architectury Transformer DEBUG]  - H:\wildbosses\.gradle\loom-cache\remapped_mods\remapped\net\fabricmc\fabric-api\fabric-command-api-v2-b9d2d3ba-common\2.2.28+6ced4dd919\fabric-command-api-v2-b9d2d3ba-common-2.2.28+6ced4dd919.jar
[Architectury Transformer DEBUG]  - H:\wildbosses\.gradle\loom-cache\remapped_mods\remapped\net\fabricmc\fabric-api\fabric-lifecycle-events-v1-b9d2d3ba-common\2.6.0+0865547519\fabric-lifecycle-events-v1-b9d2d3ba-common-2.6.0+0865547519.jar
[Architectury Transformer DEBUG]  - H:\wildbosses\.gradle\loom-cache\remapped_mods\remapped\com\cobblemon\fabric-b9d2d3ba\1.8.0+1.21.1\fabric-b9d2d3ba-1.8.0+1.21.1.jar
[Architectury Transformer DEBUG]  - H:\wildbosses\.gradle\loom-cache\remapped_mods\remapped\net\fabricmc\fabric-language-kotlin-b9d2d3ba\1.13.6+kotlin.2.2.20\fabric-language-kotlin-b9d2d3ba-1.13.6+kotlin.2.2.20.jar
[Architectury Transformer DEBUG]  - H:\wildbosses\.gradle\loom-cache\remapped_mods\remapped\net\fabricmc\fabric-api\fabric-api-base-b9d2d3ba-common\0.4.42+6573ed8c19\fabric-api-base-b9d2d3ba-common-0.4.42+6573ed8c19.jar
[Architectury Transformer DEBUG]  - H:\wildbosses\.gradle\loom-cache\remapped_mods\remapped\com\terraformersmc\modmenu-b9d2d3ba\11.0.3\modmenu-b9d2d3ba-11.0.3.jar
[Architectury Transformer DEBUG]  - H:\wildbosses\.gradle\loom-cache\remapped_mods\remapped\dev\isxander\yet-another-config-lib-b9d2d3ba\3.8.1+1.21.1-fabric\yet-another-config-lib-b9d2d3ba-3.8.1+1.21.1-fabric.jar
[Architectury Transformer DEBUG]  - H:\wildbosses\.gradle\loom-cache\remapped_mods\remapped\net\fabricmc\fabric-api\fabric-api-b9d2d3ba-common\0.104.0+1.21.1\fabric-api-b9d2d3ba-common-0.104.0+1.21.1.jar
[Architectury Transformer DEBUG]  - H:\wildbosses\.gradle\loom-cache\remapped_mods\remapped\net\fabricmc\fabric-api\fabric-transfer-api-v1-b9d2d3ba-common\5.2.0+d38f898f19\fabric-transfer-api-v1-b9d2d3ba-common-5.2.0+d38f898f19.jar
[Architectury Transformer DEBUG]  - H:\wildbosses\.gradle\loom-cache\remapped_mods\remapped\net\fabricmc\fabric-api\fabric-api-lookup-api-v1-b9d2d3ba-common\1.6.68+b559734419\fabric-api-lookup-api-v1-b9d2d3ba-common-1.6.68+b559734419.jar
[Architectury Transformer DEBUG]  - H:\wildbosses\.gradle\loom-cache\remapped_mods\remapped\net\fabricmc\fabric-api\fabric-command-api-v1-b9d2d3ba-common\1.2.49+f71b366f19\fabric-command-api-v1-b9d2d3ba-common-1.2.49+f71b366f19.jar
[Architectury Transformer DEBUG]  - H:\wildbosses\.gradle\loom-cache\remapped_mods\remapped\net\fabricmc\fabric-api\fabric-commands-v0-b9d2d3ba-common\0.2.66+df3654b319\fabric-commands-v0-b9d2d3ba-common-0.2.66+df3654b319.jar
[Architectury Transformer DEBUG]  - H:\wildbosses\.gradle\loom-cache\remapped_mods\remapped\net\fabricmc\fabric-api\fabric-content-registries-v0-b9d2d3ba-common\8.0.16+b559734419\fabric-content-registries-v0-b9d2d3ba-common-8.0.16+b559734419.jar
[Architectury Transformer DEBUG]  - H:\wildbosses\.gradle\loom-cache\remapped_mods\remapped\net\fabricmc\fabric-api\fabric-data-generation-api-v1-b9d2d3ba-common\20.2.19+16c4ae2519\fabric-data-generation-api-v1-b9d2d3ba-common-20.2.19+16c4ae2519.jar
[Architectury Transformer DEBUG]  - H:\wildbosses\.gradle\loom-cache\remapped_mods\remapped\net\fabricmc\fabric-api\fabric-convention-tags-v1-b9d2d3ba-common\2.0.22+7f945d5b19\fabric-convention-tags-v1-b9d2d3ba-common-2.0.22+7f945d5b19.jar
[Architectury Transformer DEBUG]  - H:\wildbosses\.gradle\loom-cache\remapped_mods\remapped\net\fabricmc\fabric-api\fabric-convention-tags-v2-b9d2d3ba-common\2.7.0+4053855719\fabric-convention-tags-v2-b9d2d3ba-common-2.7.0+4053855719.jar
[Architectury Transformer DEBUG]  - H:\wildbosses\.gradle\loom-cache\remapped_mods\remapped\net\fabricmc\fabric-api\fabric-data-attachment-api-v1-b9d2d3ba-common\1.1.28+1daea21519\fabric-data-attachment-api-v1-b9d2d3ba-common-1.1.28+1daea21519.jar
[Architectury Transformer DEBUG]  - H:\wildbosses\.gradle\loom-cache\remapped_mods\remapped\net\fabricmc\fabric-api\fabric-entity-events-v1-b9d2d3ba-common\1.7.0+2122d82819\fabric-entity-events-v1-b9d2d3ba-common-1.7.0+2122d82819.jar
[Architectury Transformer DEBUG]  - H:\wildbosses\.gradle\loom-cache\remapped_mods\remapped\net\fabricmc\fabric-api\fabric-events-interaction-v0-b9d2d3ba-common\0.7.12+ba9dae0619\fabric-events-interaction-v0-b9d2d3ba-common-0.7.12+ba9dae0619.jar
[Architectury Transformer DEBUG]  - H:\wildbosses\.gradle\loom-cache\remapped_mods\remapped\net\fabricmc\fabric-api\fabric-gametest-api-v1-b9d2d3ba-common\2.0.4+6fc22b9919\fabric-gametest-api-v1-b9d2d3ba-common-2.0.4+6fc22b9919.jar
[Architectury Transformer DEBUG]  - H:\wildbosses\.gradle\loom-cache\remapped_mods\remapped\net\fabricmc\fabric-api\fabric-item-api-v1-b9d2d3ba-common\11.0.0+afdfc92119\fabric-item-api-v1-b9d2d3ba-common-11.0.0+afdfc92119.jar
[Architectury Transformer DEBUG]  - H:\wildbosses\.gradle\loom-cache\remapped_mods\remapped\net\fabricmc\fabric-api\fabric-item-group-api-v1-b9d2d3ba-common\4.1.5+3fc0e55219\fabric-item-group-api-v1-b9d2d3ba-common-4.1.5+3fc0e55219.jar
[Architectury Transformer DEBUG]  - H:\wildbosses\.gradle\loom-cache\remapped_mods\remapped\net\fabricmc\fabric-api\fabric-loot-api-v2-b9d2d3ba-common\3.0.14+3f89f5a519\fabric-loot-api-v2-b9d2d3ba-common-3.0.14+3f89f5a519.jar
[Architectury Transformer DEBUG]  - H:\wildbosses\.gradle\loom-cache\remapped_mods\remapped\net\fabricmc\fabric-api\fabric-loot-api-v3-b9d2d3ba-common\1.0.2+3f89f5a519\fabric-loot-api-v3-b9d2d3ba-common-1.0.2+3f89f5a519.jar
[Architectury Transformer DEBUG]  - H:\wildbosses\.gradle\loom-cache\remapped_mods\remapped\net\fabricmc\fabric-api\fabric-message-api-v1-b9d2d3ba-common\6.0.13+6573ed8c19\fabric-message-api-v1-b9d2d3ba-common-6.0.13+6573ed8c19.jar
[Architectury Transformer DEBUG]  - H:\wildbosses\.gradle\loom-cache\remapped_mods\remapped\net\fabricmc\fabric-api\fabric-recipe-api-v1-b9d2d3ba-common\5.0.12+6508971219\fabric-recipe-api-v1-b9d2d3ba-common-5.0.12+6508971219.jar
[Architectury Transformer DEBUG]  - H:\wildbosses\.gradle\loom-cache\remapped_mods\remapped\net\fabricmc\fabric-api\fabric-screen-handler-api-v1-b9d2d3ba-common\1.3.86+b559734419\fabric-screen-handler-api-v1-b9d2d3ba-common-1.3.86+b559734419.jar
[Architectury Transformer DEBUG]  - H:\wildbosses\.gradle\loom-cache\remapped_mods\remapped\net\fabricmc\fabric-api\fabric-registry-sync-v0-b9d2d3ba-common\5.1.2+60c3209b19\fabric-registry-sync-v0-b9d2d3ba-common-5.1.2+60c3209b19.jar
[Architectury Transformer DEBUG]  - H:\wildbosses\.gradle\loom-cache\remapped_mods\remapped\net\fabricmc\fabric-api\fabric-networking-api-v1-b9d2d3ba-common\4.2.2+60c3209b19\fabric-networking-api-v1-b9d2d3ba-common-4.2.2+60c3209b19.jar
[Architectury Transformer DEBUG]  - H:\wildbosses\.gradle\loom-cache\remapped_mods\remapped\net\fabricmc\fabric-api\fabric-object-builder-api-v1-b9d2d3ba-common\15.2.0+40875a9319\fabric-object-builder-api-v1-b9d2d3ba-common-15.2.0+40875a9319.jar
[Architectury Transformer DEBUG]  - H:\wildbosses\.gradle\loom-cache\remapped_mods\remapped\net\fabricmc\fabric-api\fabric-particles-v1-b9d2d3ba-common\4.0.2+6573ed8c19\fabric-particles-v1-b9d2d3ba-common-4.0.2+6573ed8c19.jar
[Architectury Transformer DEBUG]  - H:\wildbosses\.gradle\loom-cache\remapped_mods\remapped\net\fabricmc\fabric-api\fabric-rendering-fluids-v1-b9d2d3ba-common\3.1.6+1daea21519\fabric-rendering-fluids-v1-b9d2d3ba-common-3.1.6+1daea21519.jar
[Architectury Transformer DEBUG]  - H:\wildbosses\.gradle\loom-cache\remapped_mods\remapped\net\fabricmc\fabric-api\fabric-biome-api-v1-b9d2d3ba-common\13.0.29+5bd9f1bc19\fabric-biome-api-v1-b9d2d3ba-common-13.0.29+5bd9f1bc19.jar
[Architectury Transformer DEBUG]  - H:\wildbosses\.gradle\loom-cache\remapped_mods\remapped\net\fabricmc\fabric-api\fabric-block-api-v1-b9d2d3ba-common\1.0.22+0af3f5a719\fabric-block-api-v1-b9d2d3ba-common-1.0.22+0af3f5a719.jar
[Architectury Transformer DEBUG]  - H:\wildbosses\.gradle\loom-cache\remapped_mods\remapped\net\fabricmc\fabric-api\fabric-rendering-data-attachment-v1-b9d2d3ba-common\0.3.48+73761d2e19\fabric-rendering-data-attachment-v1-b9d2d3ba-common-0.3.48+73761d2e19.jar
[Architectury Transformer DEBUG]  - H:\wildbosses\.gradle\loom-cache\remapped_mods\remapped\net\fabricmc\fabric-api\fabric-block-view-api-v2-b9d2d3ba-common\1.0.10+6573ed8c19\fabric-block-view-api-v2-b9d2d3ba-common-1.0.10+6573ed8c19.jar
[Architectury Transformer DEBUG]  - H:\wildbosses\.gradle\loom-cache\remapped_mods\remapped\net\fabricmc\fabric-api\fabric-crash-report-info-v1-b9d2d3ba-common\0.2.29+0af3f5a719\fabric-crash-report-info-v1-b9d2d3ba-common-0.2.29+0af3f5a719.jar
[Architectury Transformer DEBUG]  - H:\wildbosses\.gradle\loom-cache\remapped_mods\remapped\net\fabricmc\fabric-api\fabric-dimensions-v1-b9d2d3ba-common\4.0.0+6fc22b9919\fabric-dimensions-v1-b9d2d3ba-common-4.0.0+6fc22b9919.jar
[Architectury Transformer DEBUG]  - H:\wildbosses\.gradle\loom-cache\remapped_mods\remapped\net\fabricmc\fabric-api\fabric-game-rule-api-v1-b9d2d3ba-common\1.0.53+6ced4dd919\fabric-game-rule-api-v1-b9d2d3ba-common-1.0.53+6ced4dd919.jar
[Architectury Transformer DEBUG]  - H:\wildbosses\.gradle\loom-cache\remapped_mods\remapped\net\fabricmc\fabric-api\fabric-resource-conditions-api-v1-b9d2d3ba-common\4.3.0+8dc279b119\fabric-resource-conditions-api-v1-b9d2d3ba-common-4.3.0+8dc279b119.jar
[Architectury Transformer DEBUG]  - H:\wildbosses\.gradle\loom-cache\remapped_mods\remapped\net\fabricmc\fabric-api\fabric-resource-loader-v0-b9d2d3ba-common\1.3.0+5659912919\fabric-resource-loader-v0-b9d2d3ba-common-1.3.0+5659912919.jar
[Architectury Transformer DEBUG]  - H:\wildbosses\.gradle\loom-cache\remapped_mods\remapped\net\fabricmc\fabric-api\fabric-transitive-access-wideners-v1-b9d2d3ba-common\6.1.0+1daea21519\fabric-transitive-access-wideners-v1-b9d2d3ba-common-6.1.0+1daea21519.jar
[Architectury Transformer] Read classpath in 2.428 s
[Architectury Transformer DEBUG] Classpath entry [H:\wildbosses\build\classes\java\client] contains packages: com.kaizzinho.wildbosses.mixin.client
[Architectury Transformer DEBUG] Classpath entry [H:\wildbosses\build\classes\kotlin\client] contains packages: com.kaizzinho.wildbosses.config, com.kaizzinho.wildbosses
[Architectury Transformer DEBUG] Classpath entry [H:\wildbosses\build\classes\java\main] contains packages: com.kaizzinho.wildbosses.mixin
[Architectury Transformer DEBUG] Classpath entry [H:\wildbosses\build\classes\kotlin\main] contains packages: com.kaizzinho.wildbosses.advancement, com.kaizzinho.wildbosses.command, com.kaizzinho.wildbosses.compat.simplehats, com.kaizzinho.wildbosses.battle, com.kaizzinho.wildbosses.config, com.kaizzinho.wildbosses.boss, com.kaizzinho.wildbosses.event, com.kaizzinho.wildbosses.spawn, com.kaizzinho.wildbosses.api, com.kaizzinho.wildbosses
[Architectury Transformer DEBUG] Classpath entry [H:\wildbosses\build\resources\main] contains packages: 
